Archive member included to satisfy reference by file (symbol)

C:/ST/STM32CubeIDE_2.1.1/STM32CubeIDE/plugins/com.st.stm32cube.ide.mcu.externaltools.gnu-tools-for-stm32.14.3.rel1.win32_1.0.100.202602081740/tools/bin/../lib/gcc/arm-none-eabi/14.3.1/../../../../arm-none-eabi/lib/thumb/v7e-m+fp/hard\libc_nano.a(libc_a-exit.o)
                              C:/ST/STM32CubeIDE_2.1.1/STM32CubeIDE/plugins/com.st.stm32cube.ide.mcu.externaltools.gnu-tools-for-stm32.14.3.rel1.win32_1.0.100.202602081740/tools/bin/../lib/gcc/arm-none-eabi/14.3.1/../../../../arm-none-eabi/lib/thumb/v7e-m+fp/hard/crt0.o (exit)
C:/ST/STM32CubeIDE_2.1.1/STM32CubeIDE/plugins/com.st.stm32cube.ide.mcu.externaltools.gnu-tools-for-stm32.14.3.rel1.win32_1.0.100.202602081740/tools/bin/../lib/gcc/arm-none-eabi/14.3.1/../../../../arm-none-eabi/lib/thumb/v7e-m+fp/hard\libc_nano.a(libc_a-findfp.o)
                              C:/ST/STM32CubeIDE_2.1.1/STM32CubeIDE/plugins/com.st.stm32cube.ide.mcu.externaltools.gnu-tools-for-stm32.14.3.rel1.win32_1.0.100.202602081740/tools/bin/../lib/gcc/arm-none-eabi/14.3.1/../../../../arm-none-eabi/lib/thumb/v7e-m+fp/hard\libc_nano.a(libc_a-exit.o) (__stdio_exit_handler)
C:/ST/STM32CubeIDE_2.1.1/STM32CubeIDE/plugins/com.st.stm32cube.ide.mcu.externaltools.gnu-tools-for-stm32.14.3.rel1.win32_1.0.100.202602081740/tools/bin/../lib/gcc/arm-none-eabi/14.3.1/../../../../arm-none-eabi/lib/thumb/v7e-m+fp/hard\libc_nano.a(libc_a-fwalk.o)
                              C:/ST/STM32CubeIDE_2.1.1/STM32CubeIDE/plugins/com.st.stm32cube.ide.mcu.externaltools.gnu-tools-for-stm32.14.3.rel1.win32_1.0.100.202602081740/tools/bin/../lib/gcc/arm-none-eabi/14.3.1/../../../../arm-none-eabi/lib/thumb/v7e-m+fp/hard\libc_nano.a(libc_a-findfp.o) (_fwalk_sglue)
C:/ST/STM32CubeIDE_2.1.1/STM32CubeIDE/plugins/com.st.stm32cube.ide.mcu.externaltools.gnu-tools-for-stm32.14.3.rel1.win32_1.0.100.202602081740/tools/bin/../lib/gcc/arm-none-eabi/14.3.1/../../../../arm-none-eabi/lib/thumb/v7e-m+fp/hard\libc_nano.a(libc_a-stdio.o)
                              C:/ST/STM32CubeIDE_2.1.1/STM32CubeIDE/plugins/com.st.stm32cube.ide.mcu.externaltools.gnu-tools-for-stm32.14.3.rel1.win32_1.0.100.202602081740/tools/bin/../lib/gcc/arm-none-eabi/14.3.1/../../../../arm-none-eabi/lib/thumb/v7e-m+fp/hard\libc_nano.a(libc_a-findfp.o) (__sread)
C:/ST/STM32CubeIDE_2.1.1/STM32CubeIDE/plugins/com.st.stm32cube.ide.mcu.externaltools.gnu-tools-for-stm32.14.3.rel1.win32_1.0.100.202602081740/tools/bin/../lib/gcc/arm-none-eabi/14.3.1/../../../../arm-none-eabi/lib/thumb/v7e-m+fp/hard\libc_nano.a(libc_a-memset.o)
                              C:/ST/STM32CubeIDE_2.1.1/STM32CubeIDE/plugins/com.st.stm32cube.ide.mcu.externaltools.gnu-tools-for-stm32.14.3.rel1.win32_1.0.100.202602081740/tools/bin/../lib/gcc/arm-none-eabi/14.3.1/../../../../arm-none-eabi/lib/thumb/v7e-m+fp/hard/crt0.o (memset)
C:/ST/STM32CubeIDE_2.1.1/STM32CubeIDE/plugins/com.st.stm32cube.ide.mcu.externaltools.gnu-tools-for-stm32.14.3.rel1.win32_1.0.100.202602081740/tools/bin/../lib/gcc/arm-none-eabi/14.3.1/../../../../arm-none-eabi/lib/thumb/v7e-m+fp/hard\libc_nano.a(libc_a-closer.o)
                              C:/ST/STM32CubeIDE_2.1.1/STM32CubeIDE/plugins/com.st.stm32cube.ide.mcu.externaltools.gnu-tools-for-stm32.14.3.rel1.win32_1.0.100.202602081740/tools/bin/../lib/gcc/arm-none-eabi/14.3.1/../../../../arm-none-eabi/lib/thumb/v7e-m+fp/hard\libc_nano.a(libc_a-stdio.o) (_close_r)
C:/ST/STM32CubeIDE_2.1.1/STM32CubeIDE/plugins/com.st.stm32cube.ide.mcu.externaltools.gnu-tools-for-stm32.14.3.rel1.win32_1.0.100.202602081740/tools/bin/../lib/gcc/arm-none-eabi/14.3.1/../../../../arm-none-eabi/lib/thumb/v7e-m+fp/hard\libc_nano.a(libc_a-reent.o)
                              C:/ST/STM32CubeIDE_2.1.1/STM32CubeIDE/plugins/com.st.stm32cube.ide.mcu.externaltools.gnu-tools-for-stm32.14.3.rel1.win32_1.0.100.202602081740/tools/bin/../lib/gcc/arm-none-eabi/14.3.1/../../../../arm-none-eabi/lib/thumb/v7e-m+fp/hard\libc_nano.a(libc_a-closer.o) (errno)
C:/ST/STM32CubeIDE_2.1.1/STM32CubeIDE/plugins/com.st.stm32cube.ide.mcu.externaltools.gnu-tools-for-stm32.14.3.rel1.win32_1.0.100.202602081740/tools/bin/../lib/gcc/arm-none-eabi/14.3.1/../../../../arm-none-eabi/lib/thumb/v7e-m+fp/hard\libc_nano.a(libc_a-impure.o)
                              C:/ST/STM32CubeIDE_2.1.1/STM32CubeIDE/plugins/com.st.stm32cube.ide.mcu.externaltools.gnu-tools-for-stm32.14.3.rel1.win32_1.0.100.202602081740/tools/bin/../lib/gcc/arm-none-eabi/14.3.1/../../../../arm-none-eabi/lib/thumb/v7e-m+fp/hard\libc_nano.a(libc_a-reent.o) (_impure_ptr)
C:/ST/STM32CubeIDE_2.1.1/STM32CubeIDE/plugins/com.st.stm32cube.ide.mcu.externaltools.gnu-tools-for-stm32.14.3.rel1.win32_1.0.100.202602081740/tools/bin/../lib/gcc/arm-none-eabi/14.3.1/../../../../arm-none-eabi/lib/thumb/v7e-m+fp/hard\libc_nano.a(libc_a-lseekr.o)
[...]
Memory Configuration

Name             Origin             Length             Attributes
CCMRAM           0x10000000         0x00010000         xrw
RAM              0x20000000         0x00030000         xrw
FLASH            0x08000000         0x00200000         xr
*default*        0x00000000         0xffffffff

Linker script and memory map

LOAD C:/ST/STM32CubeIDE_2.1.1/STM32CubeIDE/plugins/com.st.stm32cube.ide.mcu.externaltools.gnu-tools-for-stm32.14.3.rel1.win32_1.0.100.202602081740/tools/bin/../lib/gcc/arm-none-eabi/14.3.1/thumb/v7e-m+fp/hard/crti.o
LOAD C:/ST/STM32CubeIDE_2.1.1/STM32CubeIDE/plugins/com.st.stm32cube.ide.mcu.externaltools.gnu-tools-for-stm32.14.3.rel1.win32_1.0.100.202602081740/tools/bin/../lib/gcc/arm-none-eabi/14.3.1/thumb/v7e-m+fp/hard/crtbegin.o
LOAD C:/ST/STM32CubeIDE_2.1.1/STM32CubeIDE/plugins/com.st.stm32cube.ide.mcu.externaltools.gnu-tools-for-stm32.14.3.rel1.win32_1.0.100.202602081740/tools/bin/../lib/gcc/arm-none-eabi/14.3.1/../../../../arm-none-eabi/lib/thumb/v7e-m+fp/hard/crt0.o
LOAD ./Core/Src/main.o
LOAD ./Core/Src/stm32f4xx_hal_msp.o
LOAD ./Core/Src/stm32f4xx_it.o
LOAD ./Core/Src/syscalls.o
LOAD ./Core/Src/sysmem.o
LOAD ./Core/Src/system_stm32f4xx.o
LOAD ./Core/Startup/startup_stm32f439zitx.o
LOAD ./Drivers/Custom_Drivers/Src/driver_boton.o
LOAD ./Drivers/Custom_Drivers/Src/driver_boton_pal.o
LOAD ./Drivers/Custom_Drivers/Src/driver_led.o
LOAD ./Drivers/Custom_Drivers/Src/driver_led_pal.o
LOAD ./Drivers/Custom_Drivers/Src/driver_time.o
LOAD ./Drivers/Custom_Drivers/Src/nb_delay.o
LOAD ./Drivers/Custom_Drivers/Src/pal_tick_stm32.o
LOAD ./Drivers/STM32F4xx_HAL_Driver/Src/stm32f4xx_hal.o
LOAD ./Drivers/STM32F4xx_HAL_Driver/Src/stm32f4xx_hal_cortex.o
LOAD ./Drivers/STM32F4xx_HAL_Driver/Src/stm32f4xx_hal_dma.o
LOAD ./Drivers/STM32F4xx_HAL_Driver/Src/stm32f4xx_hal_dma_ex.o
LOAD ./Drivers/STM32F4xx_HAL_Driver/Src/stm32f4xx_hal_exti.o
LOAD ./Drivers/STM32F4xx_HAL_Driver/Src/stm32f4xx_hal_flash.o
LOAD ./Drivers/STM32F4xx_HAL_Driver/Src/stm32f4xx_hal_flash_ex.o
LOAD ./Drivers/STM32F4xx_HAL_Driver/Src/stm32f4xx_hal_flash_ramfunc.o
LOAD ./Drivers/STM32F4xx_HAL_Driver/Src/stm32f4xx_hal_gpio.o
LOAD ./Drivers/STM32F4xx_HAL_Driver/Src/stm32f4xx_hal_pwr.o
LOAD ./Drivers/STM32F4xx_HAL_Driver/Src/stm32f4xx_hal_pwr_ex.o
LOAD ./Drivers/STM32F4xx_HAL_Driver/Src/stm32f4xx_hal_rcc.o
LOAD ./Drivers/STM32F4xx_HAL_Driver/Src/stm32f4xx_hal_rcc_ex.o
LOAD ./Drivers/STM32F4xx_HAL_Driver/Src/stm32f4xx_hal_uart.o
START GROUP
LOAD C:/ST/STM32CubeIDE_2.1.1/STM32CubeIDE/plugins/com.st.stm32cube.ide.mcu.externaltools.gnu-tools-for-stm32.14.3.rel1.win32_1.0.100.202602081740/tools/bin/../lib/gcc/arm-none-eabi/14.3.1/../../../../arm-none-eabi/lib/thumb/v7e-m+fp/hard\libc_nano.a
LOAD C:/ST/STM32CubeIDE_2.1.1/STM32CubeIDE/plugins/com.st.stm32cube.ide.mcu.externaltools.gnu-tools-for-stm32.14.3.rel1.win32_1.0.100.202602081740/tools/bin/../lib/gcc/arm-none-eabi/14.3.1/../../../../arm-none-eabi/lib/thumb/v7e-m+fp/hard\libm.a
END GROUP
START GROUP
LOAD C:/ST/STM32CubeIDE_2.1.1/STM32CubeIDE/plugins/com.st.stm32cube.ide.mcu.externaltools.gnu-tools-for-stm32.14.3.rel1.win32_1.0.100.202602081740/tools/bin/../lib/gcc/arm-none-eabi/14.3.1/thumb/v7e-m+fp/hard\libgcc.a
LOAD C:/ST/STM32CubeIDE_2.1.1/STM32CubeIDE/plugins/com.st.stm32cube.ide.mcu.externaltools.gnu-tools-for-stm32.14.3.rel1.win32_1.0.100.202602081740/tools/bin/../lib/gcc/arm-none-eabi/14.3.1/../../../../arm-none-eabi/lib/thumb/v7e-m+fp/hard\libc_nano.a
END GROUP
START GROUP
LOAD C:/ST/STM32CubeIDE_2.1.1/STM32CubeIDE/plugins/com.st.stm32cube.ide.mcu.externaltools.gnu-tools-for-stm32.14.3.rel1.win32_1.0.100.202602081740/tools/bin/../lib/gcc/arm-none-eabi/14.3.1/thumb/v7e-m+fp/hard\libgcc.a
LOAD C:/ST/STM32CubeIDE_2.1.1/STM32CubeIDE/plugins/com.st.stm32cube.ide.mcu.externaltools.gnu-tools-for-stm32.14.3.rel1.win32_1.0.100.202602081740/tools/bin/../lib/gcc/arm-none-eabi/14.3.1/../../../../arm-none-eabi/lib/thumb/v7e-m+fp/hard\libc_nano.a
LOAD C:/ST/STM32CubeIDE_2.1.1/STM32CubeIDE/plugins/com.st.stm32cube.ide.mcu.externaltools.gnu-tools-for-stm32.14.3.rel1.win32_1.0.100.202602081740/tools/bin/../lib/gcc/arm-none-eabi/14.3.1/../../../../arm-none-eabi/lib/thumb/v7e-m+fp/hard\libnosys.a
END GROUP
START GROUP
LOAD C:/ST/STM32CubeIDE_2.1.1/STM32CubeIDE/plugins/com.st.stm32cube.ide.mcu.externaltools.gnu-tools-for-stm32.14.3.rel1.win32_1.0.100.202602081740/tools/bin/../lib/gcc/arm-none-eabi/14.3.1/thumb/v7e-m+fp/hard\libgcc.a
LOAD C:/ST/STM32CubeIDE_2.1.1/STM32CubeIDE/plugins/com.st.stm32cube.ide.mcu.externaltools.gnu-tools-for-stm32.14.3.rel1.win32_1.0.100.202602081740/tools/bin/../lib/gcc/arm-none-eabi/14.3.1/../../../../arm-none-eabi/lib/thumb/v7e-m+fp/hard\libc_nano.a
LOAD C:/ST/STM32CubeIDE_2.1.1/STM32CubeIDE/plugins/com.st.stm32cube.ide.mcu.externaltools.gnu-tools-for-stm32.14.3.rel1.win32_1.0.100.202602081740/tools/bin/../lib/gcc/arm-none-eabi/14.3.1/../../../../arm-none-eabi/lib/thumb/v7e-m+fp/hard\libnosys.a
END GROUP
LOAD C:/ST/STM32CubeIDE_2.1.1/STM32CubeIDE/plugins/com.st.stm32cube.ide.mcu.externaltools.gnu-tools-for-stm32.14.3.rel1.win32_1.0.100.202602081740/tools/bin/../lib/gcc/arm-none-eabi/14.3.1/thumb/v7e-m+fp/hard/crtend.o
LOAD C:/ST/STM32CubeIDE_2.1.1/STM32CubeIDE/plugins/com.st.stm32cube.ide.mcu.externaltools.gnu-tools-for-stm32.14.3.rel1.win32_1.0.100.202602081740/tools/bin/../lib/gcc/arm-none-eabi/14.3.1/thumb/v7e-m+fp/hard/crtn.o
                0x20030000                        _estack = (ORIGIN (RAM) + LENGTH (RAM))
                0x00000200                        _Min_Heap_Size = 0x200
                0x00000400                        _Min_Stack_Size = 0x400

.isr_vector     0x08000000      0x1ac
                0x08000000                        . = ALIGN (0x4)
 *(.isr_vector)
 .isr_vector    0x08000000      0x1ac ./Core/Startup/startup_stm32f439zitx.o
                0x08000000                g_pfnVectors
                0x080001ac                        . = ALIGN (0x4)

.text           0x080001ac     0x2254
                0x080001ac                        . = ALIGN (0x4)
 *(.text)
 .text          0x080001ac       0x40 C:/ST/STM32CubeIDE_2.1.1/STM32CubeIDE/plugins/com.st.stm32cube.ide.mcu.externaltools.gnu-tools-for-stm32.14.3.rel1.win32_1.0.100.202602081740/tools/bin/../lib/gcc/arm-none-eabi/14.3.1/thumb/v7e-m+fp/hard/crtbegin.o
 .text          0x080001ec       0x30 C:/ST/STM32CubeIDE_2.1.1/STM32CubeIDE/plugins/com.st.stm32cube.ide.mcu.externaltools.gnu-tools-for-stm32.14.3.rel1.win32_1.0.100.202602081740/tools/bin/../lib/gcc/arm-none-eabi/14.3.1/thumb/v7e-m+fp/hard\libgcc.a(_aeabi_uldivmod.o)
                0x080001ec                __aeabi_uldivmod
 .text          0x0800021c      0x2f8 C:/ST/STM32CubeIDE_2.1.1/STM32CubeIDE/plugins/com.st.stm32cube.ide.mcu.externaltools.gnu-tools-for-stm32.14.3.rel1.win32_1.0.100.202602081740/tools/bin/../lib/gcc/arm-none-eabi/14.3.1/thumb/v7e-m+fp/hard\libgcc.a(_udivmoddi4.o)
                0x0800021c                __udivmoddi4
 .text          0x08000514        0x4 C:/ST/STM32CubeIDE_2.1.1/STM32CubeIDE/plugins/com.st.stm32cube.ide.mcu.externaltools.gnu-tools-for-stm32.14.3.rel1.win32_1.0.100.202602081740/tools/bin/../lib/gcc/arm-none-eabi/14.3.1/thumb/v7e-m+fp/hard\libgcc.a(_dvmd_tls.o)
                0x08000514                __aeabi_idiv0
                0x08000514                __aeabi_ldiv0
 *(.text*)
 .text.main     0x08000518      0x13c ./Core/Src/main.o
                0x08000518                main
 .text.SystemClock_Config
                0x08000654       0xe0 ./Core/Src/main.o
                0x08000654                SystemClock_Config
 .text.MX_USART3_UART_Init
                0x08000734       0x54 ./Core/Src/main.o
 .text.MX_GPIO_Init
                0x08000788      0x158 ./Core/Src/main.o
 .text.Error_Handler
                0x080008e0        0xc ./Core/Src/main.o
                0x080008e0                Error_Handler
 .text.HAL_MspInit
                0x080008ec       0x50 ./Core/Src/stm32f4xx_hal_msp.o
                0x080008ec                HAL_MspInit
 .text.HAL_UART_MspInit
                0x0800093c       0x90 ./Core/Src/stm32f4xx_hal_msp.o
                0x0800093c                HAL_UART_MspInit
 .text.NMI_Handler
                0x080009cc        0x8 ./Core/Src/stm32f4xx_it.o
                0x080009cc                NMI_Handler
 .text.HardFault_Handler
                0x080009d4        0x8 ./Core/Src/stm32f4xx_it.o
                0x080009d4                HardFault_Handler
 .text.MemManage_Handler
                0x080009dc        0x8 ./Core/Src/stm32f4xx_it.o
                0x080009dc                MemManage_Handler
 .text.BusFault_Handler
                0x080009e4        0x8 ./Core/Src/stm32f4xx_it.o
                0x080009e4                BusFault_Handler
 .text.UsageFault_Handler
                0x080009ec        0x8 ./Core/Src/stm32f4xx_it.o
                0x080009ec                UsageFault_Handler
 .text.SVC_Handler
                0x080009f4        0xe ./Core/Src/stm32f4xx_it.o
                0x080009f4                SVC_Handler
 .text.DebugMon_Handler
                0x08000a02        0xe ./Core/Src/stm32f4xx_it.o
                0x08000a02                DebugMon_Handler
 .text.PendSV_Handler
                0x08000a10        0xe ./Core/Src/stm32f4xx_it.o
                0x08000a10                PendSV_Handler
 .text.SysTick_Handler
                0x08000a1e        0xc ./Core/Src/stm32f4xx_it.o
                0x08000a1e                SysTick_Handler
 *fill*         0x08000a2a        0x2 
 .text.SystemInit
                0x08000a2c       0x24 ./Core/Src/system_stm32f4xx.o
                0x08000a2c                SystemInit
 .text.Reset_Handler
                0x08000a50       0x50 ./Core/Startup/startup_stm32f439zitx.o
                0x08000a50                Reset_Handler
 .text.Default_Handler
                0x08000aa0        0x2 ./Core/Startup/startup_stm32f439zitx.o
                0x08000aa0                RTC_Alarm_IRQHandler
                0x08000aa0                HASH_RNG_IRQHandler
                0x08000aa0                EXTI2_IRQHandler
                0x08000aa0                TIM8_CC_IRQHandler
                0x08000aa0                UART8_IRQHandler
                0x08000aa0                SPI4_IRQHandler
                0x08000aa0                TIM1_CC_IRQHandler
                0x08000aa0                DMA2_Stream5_IRQHandler
                0x08000aa0                DMA1_Stream5_IRQHandler
                0x08000aa0                PVD_IRQHandler
                0x08000aa0                SDIO_IRQHandler
                0x08000aa0                TAMP_STAMP_IRQHandler
                0x08000aa0                CAN2_RX1_IRQHandler
                0x08000aa0                EXTI3_IRQHandler
                0x08000aa0                TIM8_TRG_COM_TIM14_IRQHandler
                0x08000aa0                TIM1_UP_TIM10_IRQHandler
                0x08000aa0                TIM8_UP_TIM13_IRQHandler
                0x08000aa0                I2C3_ER_IRQHandler
                0x08000aa0                EXTI0_IRQHandler
                0x08000aa0                I2C2_EV_IRQHandler
                0x08000aa0                DMA1_Stream2_IRQHandler
                0x08000aa0                CAN1_RX0_IRQHandler
                0x08000aa0                FPU_IRQHandler
                0x08000aa0                OTG_HS_WKUP_IRQHandler
                0x08000aa0                LTDC_ER_IRQHandler
                0x08000aa0                CAN2_SCE_IRQHandler
                0x08000aa0                DMA2_Stream2_IRQHandler
                0x08000aa0                SPI1_IRQHandler
                0x08000aa0                TIM6_DAC_IRQHandler
                0x08000aa0                TIM1_BRK_TIM9_IRQHandler
                0x08000aa0                DCMI_IRQHandler
                0x08000aa0                CAN2_RX0_IRQHandler
                0x08000aa0                DMA2_Stream3_IRQHandler
                0x08000aa0                USART6_IRQHandler
                0x08000aa0                USART3_IRQHandler
                0x08000aa0                CRYP_IRQHandler
                0x08000aa0                CAN1_RX1_IRQHandler
                0x08000aa0                UART5_IRQHandler
                0x08000aa0                DMA2_Stream0_IRQHandler
                0x08000aa0                TIM4_IRQHandler
                0x08000aa0                I2C1_EV_IRQHandler
                0x08000aa0                DMA1_Stream6_IRQHandler
                0x08000aa0                DMA1_Stream1_IRQHandler
                0x08000aa0                UART4_IRQHandler
                0x08000aa0                TIM3_IRQHandler
                0x08000aa0                RCC_IRQHandler
                0x08000aa0                TIM8_BRK_TIM12_IRQHandler
                0x08000aa0                Default_Handler
                0x08000aa0                EXTI15_10_IRQHandler
                0x08000aa0                ADC_IRQHandler
                0x08000aa0                DMA1_Stream7_IRQHandler
                0x08000aa0                SPI5_IRQHandler
                0x08000aa0                TIM7_IRQHandler
                0x08000aa0                CAN2_TX_IRQHandler
                0x08000aa0                TIM5_IRQHandler
                0x08000aa0                DMA2_Stream7_IRQHandler
                0x08000aa0                I2C3_EV_IRQHandler
                0x08000aa0                EXTI9_5_IRQHandler
                0x08000aa0                RTC_WKUP_IRQHandler
                0x08000aa0                LTDC_IRQHandler
                0x08000aa0                ETH_WKUP_IRQHandler
                0x08000aa0                SPI2_IRQHandler
                0x08000aa0                OTG_HS_EP1_IN_IRQHandler
                0x08000aa0                DMA1_Stream0_IRQHandler
                0x08000aa0                CAN1_TX_IRQHandler
                0x08000aa0                EXTI4_IRQHandler
                0x08000aa0                ETH_IRQHandler
                0x08000aa0                OTG_HS_EP1_OUT_IRQHandler
                0x08000aa0                WWDG_IRQHandler
                0x08000aa0                SPI6_IRQHandler
                0x08000aa0                TIM2_IRQHandler
                0x08000aa0                OTG_FS_WKUP_IRQHandler
                0x08000aa0                TIM1_TRG_COM_TIM11_IRQHandler
                0x08000aa0                OTG_HS_IRQHandler
                0x08000aa0                DMA2D_IRQHandler
                0x08000aa0                EXTI1_IRQHandler
                0x08000aa0                UART7_IRQHandler
                0x08000aa0                USART2_IRQHandler
                0x08000aa0                I2C2_ER_IRQHandler
                0x08000aa0                DMA2_Stream1_IRQHandler
                0x08000aa0                CAN1_SCE_IRQHandler
                0x08000aa0                FLASH_IRQHandler
                0x08000aa0                DMA2_Stream4_IRQHandler
                0x08000aa0                USART1_IRQHandler
                0x08000aa0                OTG_FS_IRQHandler
                0x08000aa0                SPI3_IRQHandler
                0x08000aa0                DMA1_Stream4_IRQHandler
                0x08000aa0                I2C1_ER_IRQHandler
                0x08000aa0                FMC_IRQHandler
                0x08000aa0                DMA2_Stream6_IRQHandler
                0x08000aa0                SAI1_IRQHandler
                0x08000aa0                DMA1_Stream3_IRQHandler
 *fill*         0x08000aa2        0x2 
 .text.BOTON_Init
                0x08000aa4       0x5c ./Drivers/Custom_Drivers/Src/driver_boton.o
                0x08000aa4                BOTON_Init
 .text.BOTON_DetectarFlancoPresionado
                0x08000b00       0x5c ./Drivers/Custom_Drivers/Src/driver_boton.o
                0x08000b00                BOTON_DetectarFlancoPresionado
 .text.BOTON_PAL_Init
                0x08000b5c       0x38 ./Drivers/Custom_Drivers/Src/driver_boton_pal.o
                0x08000b5c                BOTON_PAL_Init
 .text.BOTON_PAL_LeerPinFisico
                0x08000b94       0x7c ./Drivers/Custom_Drivers/Src/driver_boton_pal.o
                0x08000b94                BOTON_PAL_LeerPinFisico
 .text.LED_Init
                0x08000c10       0x34 ./Drivers/Custom_Drivers/Src/driver_led.o
                0x08000c10                LED_Init
 .text.LED_Write
                0x08000c44       0x34 ./Drivers/Custom_Drivers/Src/driver_led.o
                0x08000c44                LED_Write
 .text.LED_GetCount
                0x08000c78       0x18 ./Drivers/Custom_Drivers/Src/driver_led.o
                0x08000c78                LED_GetCount
 .text.LED_PAL_Init
                0x08000c90       0x38 ./Drivers/Custom_Drivers/Src/driver_led_pal.o
                0x08000c90                LED_PAL_Init
 .text.LED_PAL_Write
                0x08000cc8       0x58 ./Drivers/Custom_Drivers/Src/driver_led_pal.o
                0x08000cc8                LED_PAL_Write
 .text.nb_delay_init
                0x08000d20       0x36 ./Drivers/Custom_Drivers/Src/nb_delay.o
                0x08000d20                nb_delay_init
 .text.nb_delay_read
                0x08000d56       0x66 ./Drivers/Custom_Drivers/Src/nb_delay.o
                0x08000d56                nb_delay_read
 .text.pal_tick_get
                0x08000dbc        0xe ./Drivers/Custom_Drivers/Src/pal_tick_stm32.o
                0x08000dbc                pal_tick_get
 *fill*         0x08000dca        0x2 
 .text.HAL_Init
                0x08000dcc       0x44 ./Drivers/STM32F4xx_HAL_Driver/Src/stm32f4xx_hal.o
                0x08000dcc                HAL_Init
 .text.HAL_InitTick
                0x08000e10       0x60 ./Drivers/STM32F4xx_HAL_Driver/Src/stm32f4xx_hal.o
                0x08000e10                HAL_InitTick
 .text.HAL_IncTick
                0x08000e70       0x28 ./Drivers/STM32F4xx_HAL_Driver/Src/stm32f4xx_hal.o
                0x08000e70                HAL_IncTick
 .text.HAL_GetTick
                0x08000e98       0x18 ./Drivers/STM32F4xx_HAL_Driver/Src/stm32f4xx_hal.o
                0x08000e98                HAL_GetTick
 .text.__NVIC_SetPriorityGrouping
                0x08000eb0       0x48 ./Drivers/STM32F4xx_HAL_Driver/Src/stm32f4xx_hal_cortex.o
 .text.__NVIC_GetPriorityGrouping
                0x08000ef8       0x1c ./Drivers/STM32F4xx_HAL_Driver/Src/stm32f4xx_hal_cortex.o
 .text.__NVIC_SetPriority
                0x08000f14       0x54 ./Drivers/STM32F4xx_HAL_Driver/Src/stm32f4xx_hal_cortex.o
 .text.NVIC_EncodePriority
                0x08000f68       0x66 ./Drivers/STM32F4xx_HAL_Driver/Src/stm32f4xx_hal_cortex.o
 *fill*         0x08000fce        0x2 
 .text.SysTick_Config
                0x08000fd0       0x44 ./Drivers/STM32F4xx_HAL_Driver/Src/stm32f4xx_hal_cortex.o
 .text.HAL_NVIC_SetPriorityGrouping
                0x08001014       0x16 ./Drivers/STM32F4xx_HAL_Driver/Src/stm32f4xx_hal_cortex.o
                0x08001014                HAL_NVIC_SetPriorityGrouping
 .text.HAL_NVIC_SetPriority
                0x0800102a       0x38 ./Drivers/STM32F4xx_HAL_Driver/Src/stm32f4xx_hal_cortex.o
                0x0800102a                HAL_NVIC_SetPriority
 .text.HAL_SYSTICK_Config
                0x08001062       0x18 ./Drivers/STM32F4xx_HAL_Driver/Src/stm32f4xx_hal_cortex.o
                0x08001062                HAL_SYSTICK_Config
 *fill*         0x0800107a        0x2 
 .text.HAL_GPIO_Init
                0x0800107c      0x358 ./Drivers/STM32F4xx_HAL_Driver/Src/stm32f4xx_hal_gpio.o
                0x0800107c                HAL_GPIO_Init
 .text.HAL_GPIO_ReadPin
                0x080013d4       0x30 ./Drivers/STM32F4xx_HAL_Driver/Src/stm32f4xx_hal_gpio.o
                0x080013d4                HAL_GPIO_ReadPin
 .text.HAL_GPIO_WritePin
                0x08001404       0x32 ./Drivers/STM32F4xx_HAL_Driver/Src/stm32f4xx_hal_gpio.o
                0x08001404                HAL_GPIO_WritePin
 *fill*         0x08001436        0x2 
 .text.HAL_PWREx_EnableOverDrive
                0x08001438       0xa0 ./Drivers/STM32F4xx_HAL_Driver/Src/stm32f4xx_hal_pwr_ex.o
                0x08001438                HAL_PWREx_EnableOverDrive
 .text.HAL_RCC_OscConfig
                0x080014d8      0x4f0 ./Drivers/STM32F4xx_HAL_Driver/Src/stm32f4xx_hal_rcc.o
                0x080014d8                HAL_RCC_OscConfig
 .text.HAL_RCC_ClockConfig
                0x080019c8      0x1cc ./Drivers/STM32F4xx_HAL_Driver/Src/stm32f4xx_hal_rcc.o
                0x080019c8                HAL_RCC_ClockConfig
 .text.HAL_RCC_GetSysClockFreq
                0x08001b94      0x20c ./Drivers/STM32F4xx_HAL_Driver/Src/stm32f4xx_hal_rcc.o
                0x08001b94                HAL_RCC_GetSysClockFreq
 .text.HAL_RCC_GetHCLKFreq
                0x08001da0       0x18 ./Drivers/STM32F4xx_HAL_Driver/Src/stm32f4xx_hal_rcc.o
                0x08001da0                HAL_RCC_GetHCLKFreq
 .text.HAL_RCC_GetPCLK1Freq
                0x08001db8       0x28 ./Drivers/STM32F4xx_HAL_Driver/Src/stm32f4xx_hal_rcc.o
                0x08001db8                HAL_RCC_GetPCLK1Freq
 .text.HAL_RCC_GetPCLK2Freq
                0x08001de0       0x28 ./Drivers/STM32F4xx_HAL_Driver/Src/stm32f4xx_hal_rcc.o
                0x08001de0                HAL_RCC_GetPCLK2Freq
 .text.HAL_UART_Init
                0x08001e08       0xa0 ./Drivers/STM32F4xx_HAL_Driver/Src/stm32f4xx_hal_uart.o
                0x08001e08                HAL_UART_Init
 .text.UART_SetConfig
                0x08001ea8      0x4e8 ./Drivers/STM32F4xx_HAL_Driver/Src/stm32f4xx_hal_uart.o
 .text.memset   0x08002390       0x10 C:/ST/STM32CubeIDE_2.1.1/STM32CubeIDE/plugins/com.st.stm32cube.ide.mcu.externaltools.gnu-tools-for-stm32.14.3.rel1.win32_1.0.100.202602081740/tools/bin/../lib/gcc/arm-none-eabi/14.3.1/../../../../arm-none-eabi/lib/thumb/v7e-m+fp/hard\libc_nano.a(libc_a-memset.o)
                0x08002390                memset
 .text.__libc_init_array
                0x080023a0       0x48 C:/ST/STM32CubeIDE_2.1.1/STM32CubeIDE/plugins/com.st.stm32cube.ide.mcu.externaltools.gnu-tools-for-stm32.14.3.rel1.win32_1.0.100.202602081740/tools/bin/../lib/gcc/arm-none-eabi/14.3.1/../../../../arm-none-eabi/lib/thumb/v7e-m+fp/hard\libc_nano.a(libc_a-init.o)
                0x080023a0                __libc_init_array
 *(.glue_7)
 .glue_7        0x080023e8        0x0 linker stubs
 *(.glue_7t)
 .glue_7t       0x080023e8        0x0 linker stubs
 *(.eh_frame)
 .eh_frame      0x080023e8        0x0 C:/ST/STM32CubeIDE_2.1.1/STM32CubeIDE/plugins/com.st.stm32cube.ide.mcu.externaltools.gnu-tools-for-stm32.14.3.rel1.win32_1.0.100.202602081740/tools/bin/../lib/gcc/arm-none-eabi/14.3.1/thumb/v7e-m+fp/hard/crtbegin.o
 *(.init)
 .init          0x080023e8        0x4 C:/ST/STM32CubeIDE_2.1.1/STM32CubeIDE/plugins/com.st.stm32cube.ide.mcu.externaltools.gnu-tools-for-stm32.14.3.rel1.win32_1.0.100.202602081740/tools/bin/../lib/gcc/arm-none-eabi/14.3.1/thumb/v7e-m+fp/hard/crti.o
                0x080023e8                _init
 .init          0x080023ec        0x8 C:/ST/STM32CubeIDE_2.1.1/STM32CubeIDE/plugins/com.st.stm32cube.ide.mcu.externaltools.gnu-tools-for-stm32.14.3.rel1.win32_1.0.100.202602081740/tools/bin/../lib/gcc/arm-none-eabi/14.3.1/thumb/v7e-m+fp/hard/crtn.o
 *(.fini)
 .fini          0x080023f4        0x4 C:/ST/STM32CubeIDE_2.1.1/STM32CubeIDE/plugins/com.st.stm32cube.ide.mcu.externaltools.gnu-tools-for-stm32.14.3.rel1.win32_1.0.100.202602081740/tools/bin/../lib/gcc/arm-none-eabi/14.3.1/thumb/v7e-m+fp/hard/crti.o
                0x080023f4                _fini
 .fini          0x080023f8        0x8 C:/ST/STM32CubeIDE_2.1.1/STM32CubeIDE/plugins/com.st.stm32cube.ide.mcu.externaltools.gnu-tools-for-stm32.14.3.rel1.win32_1.0.100.202602081740/tools/bin/../lib/gcc/arm-none-eabi/14.3.1/thumb/v7e-m+fp/hard/crtn.o
                0x08002400                        . = ALIGN (0x4)
                0x08002400                        _etext = .

.vfp11_veneer   0x08002400        0x0
 .vfp11_veneer  0x08002400        0x0 linker stubs

.v4_bx          0x08002400        0x0
 .v4_bx         0x08002400        0x0 linker stubs

.iplt           0x08002400        0x0
 .iplt          0x08002400        0x0 C:/ST/STM32CubeIDE_2.1.1/STM32CubeIDE/plugins/com.st.stm32cube.ide.mcu.externaltools.gnu-tools-for-stm32.14.3.rel1.win32_1.0.100.202602081740/tools/bin/../lib/gcc/arm-none-eabi/14.3.1/thumb/v7e-m+fp/hard/crtbegin.o

.rodata         0x08002400       0x38
                0x08002400                        . = ALIGN (0x4)
 *(.rodata)
 *(.rodata*)
 .rodata.tabla_botones_hw
                0x08002400        0x8 ./Core/Src/main.o
 .rodata.tabla_leds_hardware
                0x08002408       0x18 ./Core/Src/main.o
 .rodata.AHBPrescTable
                0x08002420       0x10 ./Core/Src/system_stm32f4xx.o
                0x08002420                AHBPrescTable
 .rodata.APBPrescTable
                0x08002430        0x8 ./Core/Src/system_stm32f4xx.o
                0x08002430                APBPrescTable
                0x08002438                        . = ALIGN (0x4)

.ARM.extab      0x08002438        0x0
                0x08002438                        . = ALIGN (0x4)
 *(.ARM.extab* .gnu.linkonce.armextab.*)
                0x08002438                        . = ALIGN (0x4)

.ARM            0x08002438        0x8
                0x08002438                        . = ALIGN (0x4)
                0x08002438                        __exidx_start = .
 *(.ARM.exidx*)
 .ARM.exidx     0x08002438        0x8 C:/ST/STM32CubeIDE_2.1.1/STM32CubeIDE/plugins/com.st.stm32cube.ide.mcu.externaltools.gnu-tools-for-stm32.14.3.rel1.win32_1.0.100.202602081740/tools/bin/../lib/gcc/arm-none-eabi/14.3.1/thumb/v7e-m+fp/hard\libgcc.a(_udivmoddi4.o)
                0x08002440                        __exidx_end = .
                0x08002440                        . = ALIGN (0x4)

.preinit_array  0x08002440        0x0
                0x08002440                        . = ALIGN (0x4)
                0x08002440                        PROVIDE (__preinit_array_start = .)
 *(.preinit_array*)
                0x08002440                        PROVIDE (__preinit_array_end = .)
                0x08002440                        . = ALIGN (0x4)

.init_array     0x08002440        0x4
                0x08002440                        . = ALIGN (0x4)
                0x08002440                        PROVIDE (__init_array_start = .)
 *(SORT_BY_NAME(.init_array.*))
 *(.init_array*)
 .init_array    0x08002440        0x4 C:/ST/STM32CubeIDE_2.1.1/STM32CubeIDE/plugins/com.st.stm32cube.ide.mcu.externaltools.gnu-tools-for-stm32.14.3.rel1.win32_1.0.100.202602081740/tools/bin/../lib/gcc/arm-none-eabi/14.3.1/thumb/v7e-m+fp/hard/crtbegin.o
                0x08002444                        PROVIDE (__init_array_end = .)
                0x08002444                        . = ALIGN (0x4)

.fini_array     0x08002444        0x4
                0x08002444                        . = ALIGN (0x4)
                [!provide]                        PROVIDE (__fini_array_start = .)
 *(SORT_BY_NAME(.fini_array.*))
 *(.fini_array*)
 .fini_array    0x08002444        0x4 C:/ST/STM32CubeIDE_2.1.1/STM32CubeIDE/plugins/com.st.stm32cube.ide.mcu.externaltools.gnu-tools-for-stm32.14.3.rel1.win32_1.0.100.202602081740/tools/bin/../lib/gcc/arm-none-eabi/14.3.1/thumb/v7e-m+fp/hard/crtbegin.o
                [!provide]                        PROVIDE (__fini_array_end = .)
                0x08002448                        . = ALIGN (0x4)
                0x08002448                        _sidata = LOADADDR (.data)

.rel.dyn        0x08002448        0x0
 .rel.iplt      0x08002448        0x0 C:/ST/STM32CubeIDE_2.1.1/STM32CubeIDE/plugins/com.st.stm32cube.ide.mcu.externaltools.gnu-tools-for-stm32.14.3.rel1.win32_1.0.100.202602081740/tools/bin/../lib/gcc/arm-none-eabi/14.3.1/thumb/v7e-m+fp/hard/crtbegin.o

.data           0x20000000       0x10 load address 0x08002448
                0x20000000                        . = ALIGN (0x4)
                0x20000000                        _sdata = .
 *(.data)
 *(.data*)
 .data.sentido  0x20000000        0x1 ./Core/Src/main.o
 *fill*         0x20000001        0x3 
 .data.SystemCoreClock
                0x20000004        0x4 ./Core/Src/system_stm32f4xx.o
                0x20000004                SystemCoreClock
 .data.uwTickPrio
                0x20000008        0x4 ./Drivers/STM32F4xx_HAL_Driver/Src/stm32f4xx_hal.o
                0x20000008                uwTickPrio
 .data.uwTickFreq
                0x2000000c        0x1 ./Drivers/STM32F4xx_HAL_Driver/Src/stm32f4xx_hal.o
                0x2000000c                uwTickFreq
 *(.RamFunc)
 *(.RamFunc*)
                0x20000010                        . = ALIGN (0x4)
 *fill*         0x2000000d        0x3 
                0x20000010                        _edata = .
                0x08002458                        _siccmram = LOADADDR (.ccmram)

.igot.plt       0x20000010        0x0 load address 0x08002458
 .igot.plt      0x20000010        0x0 C:/ST/STM32CubeIDE_2.1.1/STM32CubeIDE/plugins/com.st.stm32cube.ide.mcu.externaltools.gnu-tools-for-stm32.14.3.rel1.win32_1.0.100.202602081740/tools/bin/../lib/gcc/arm-none-eabi/14.3.1/thumb/v7e-m+fp/hard/crtbegin.o

.ccmram         0x10000000        0x0 load address 0x08002458
                0x10000000                        . = ALIGN (0x4)
                0x10000000                        _sccmram = .
 *(.ccmram)
 *(.ccmram*)
                0x10000000                        . = ALIGN (0x4)
                0x10000000                        _eccmram = .
                0x10000000                        . = ALIGN (0x4)

.bss            0x20000010       0x90
                0x20000010                        _sbss = .
                0x20000010                        __bss_start__ = _sbss
 *(.bss)
 .bss           0x20000010       0x1c C:/ST/STM32CubeIDE_2.1.1/STM32CubeIDE/plugins/com.st.stm32cube.ide.mcu.externaltools.gnu-tools-for-stm32.14.3.rel1.win32_1.0.100.202602081740/tools/bin/../lib/gcc/arm-none-eabi/14.3.1/thumb/v7e-m+fp/hard/crtbegin.o
 *(.bss*)
 .bss.huart3    0x2000002c       0x48 ./Core/Src/main.o
                0x2000002c                huart3
 .bss.indice_led
                0x20000074        0x1 ./Core/Src/main.o
 .bss.estado_mef
                0x20000075        0x1 ./Core/Src/main.o
 *fill*         0x20000076        0x2 
 .bss.delay_mef
                0x20000078        0xc ./Core/Src/main.o
 .bss.botones_registrados
                0x20000084        0x1 ./Drivers/Custom_Drivers/Src/driver_boton.o
 *fill*         0x20000085        0x3 
 .bss.estado_anterior_botones
                0x20000088        0x4 ./Drivers/Custom_Drivers/Src/driver_boton.o
 .bss.tabla_botones_plataforma
                0x2000008c        0x4 ./Drivers/Custom_Drivers/Src/driver_boton_pal.o
 .bss.cantidad_botones_plataforma
                0x20000090        0x1 ./Drivers/Custom_Drivers/Src/driver_boton_pal.o
 .bss.leds_registrados
                0x20000091        0x1 ./Drivers/Custom_Drivers/Src/driver_led.o
 *fill*         0x20000092        0x2 
 .bss.tabla_leds_plataforma
                0x20000094        0x4 ./Drivers/Custom_Drivers/Src/driver_led_pal.o
 .bss.cantidad_leds_plataforma
                0x20000098        0x1 ./Drivers/Custom_Drivers/Src/driver_led_pal.o
 *fill*         0x20000099        0x3 
 .bss.uwTick    0x2000009c        0x4 ./Drivers/STM32F4xx_HAL_Driver/Src/stm32f4xx_hal.o
                0x2000009c                uwTick
 *(COMMON)
                0x200000a0                        . = ALIGN (0x4)
                0x200000a0                        _ebss = .
                0x200000a0                        __bss_end__ = _ebss

._user_heap_stack
                0x200000a0      0x600
                0x200000a0                        . = ALIGN (0x8)
                [!provide]                        PROVIDE (end = .)
                0x200000a0                        PROVIDE (_end = .)
                0x200002a0                        . = (. + _Min_Heap_Size)
 *fill*         0x200000a0      0x200 
                0x200006a0                        . = (. + _Min_Stack_Size)
 *fill*         0x200002a0      0x400 
                0x200006a0                        . = ALIGN (0x8)

/DISCARD/
 libc.a(*)
 libm.a(*)
 libgcc.a(*)

.ARM.attributes
                0x00000000       0x30
 *(.ARM.attributes)
 .ARM.attributes
                0x00000000       0x22 C:/ST/STM32CubeIDE_2.1.1/STM32CubeIDE/plugins/com.st.stm32cube.ide.mcu.externaltools.gnu-tools-for-stm32.14.3.rel1.win32_1.0.100.202602081740/tools/bin/../lib/gcc/arm-none-eabi/14.3.1/thumb/v7e-m+fp/hard/crti.o
 .ARM.attributes
                0x00000022       0x34 C:/ST/STM32CubeIDE_2.1.1/STM32CubeIDE/plugins/com.st.stm32cube.ide.mcu.externaltools.gnu-tools-for-stm32.14.3.rel1.win32_1.0.100.202602081740/tools/bin/../lib/gcc/arm-none-eabi/14.3.1/thumb/v7e-m+fp/hard/crtbegin.o
 .ARM.attributes
                0x00000056       0x34 ./Core/Src/main.o
 .ARM.attributes
                0x0000008a       0x34 ./Core/Src/stm32f4xx_hal_msp.o
 .ARM.attributes
                0x000000be       0x34 ./Core/Src/stm32f4xx_it.o
 .ARM.attributes
                0x000000f2       0x34 ./Core/Src/system_stm32f4xx.o
 .ARM.attributes
                0x00000126       0x21 ./Core/Startup/startup_stm32f439zitx.o
 .ARM.attributes
                0x00000147       0x34 ./Drivers/Custom_Drivers/Src/driver_boton.o
 .ARM.attributes
                0x0000017b       0x34 ./Drivers/Custom_Drivers/Src/driver_boton_pal.o
 .ARM.attributes
                0x000001af       0x34 ./Drivers/Custom_Drivers/Src/driver_led.o
 .ARM.attributes
                0x000001e3       0x34 ./Drivers/Custom_Drivers/Src/driver_led_pal.o
 .ARM.attributes
                0x00000217       0x34 ./Drivers/Custom_Drivers/Src/nb_delay.o
 .ARM.attributes
                0x0000024b       0x34 ./Drivers/Custom_Drivers/Src/pal_tick_stm32.o
 .ARM.attributes
                0x0000027f       0x34 ./Drivers/STM32F4xx_HAL_Driver/Src/stm32f4xx_hal.o
 .ARM.attributes
                0x000002b3       0x34 ./Drivers/STM32F4xx_HAL_Driver/Src/stm32f4xx_hal_cortex.o
 .ARM.attributes
                0x000002e7       0x34 ./Drivers/STM32F4xx_HAL_Driver/Src/stm32f4xx_hal_gpio.o
 .ARM.attributes
                0x0000031b       0x34 ./Drivers/STM32F4xx_HAL_Driver/Src/stm32f4xx_hal_pwr_ex.o
 .ARM.attributes
                0x0000034f       0x34 ./Drivers/STM32F4xx_HAL_Driver/Src/stm32f4xx_hal_rcc.o
 .ARM.attributes
                0x00000383       0x34 ./Drivers/STM32F4xx_HAL_Driver/Src/stm32f4xx_hal_uart.o
 .ARM.attributes
                0x000003b7       0x34 C:/ST/STM32CubeIDE_2.1.1/STM32CubeIDE/plugins/com.st.stm32cube.ide.mcu.externaltools.gnu-tools-for-stm32.14.3.rel1.win32_1.0.100.202602081740/tools/bin/../lib/gcc/arm-none-eabi/14.3.1/../../../../arm-none-eabi/lib/thumb/v7e-m+fp/hard\libc_nano.a(libc_a-memset.o)
 .ARM.attributes
                0x000003eb       0x34 C:/ST/STM32CubeIDE_2.1.1/STM32CubeIDE/plugins/com.st.stm32cube.ide.mcu.externaltools.gnu-tools-for-stm32.14.3.rel1.win32_1.0.100.202602081740/tools/bin/../lib/gcc/arm-none-eabi/14.3.1/../../../../arm-none-eabi/lib/thumb/v7e-m+fp/hard\libc_nano.a(libc_a-init.o)
 .ARM.attributes
                0x0000041f       0x22 C:/ST/STM32CubeIDE_2.1.1/STM32CubeIDE/plugins/com.st.stm32cube.ide.mcu.externaltools.gnu-tools-for-stm32.14.3.rel1.win32_1.0.100.202602081740/tools/bin/../lib/gcc/arm-none-eabi/14.3.1/thumb/v7e-m+fp/hard\libgcc.a(_aeabi_uldivmod.o)
 .ARM.attributes
                0x00000441       0x34 C:/ST/STM32CubeIDE_2.1.1/STM32CubeIDE/plugins/com.st.stm32cube.ide.mcu.externaltools.gnu-tools-for-stm32.14.3.rel1.win32_1.0.100.202602081740/tools/bin/../lib/gcc/arm-none-eabi/14.3.1/thumb/v7e-m+fp/hard\libgcc.a(_udivmoddi4.o)
 .ARM.attributes
                0x00000475       0x22 C:/ST/STM32CubeIDE_2.1.1/STM32CubeIDE/plugins/com.st.stm32cube.ide.mcu.externaltools.gnu-tools-for-stm32.14.3.rel1.win32_1.0.100.202602081740/tools/bin/../lib/gcc/arm-none-eabi/14.3.1/thumb/v7e-m+fp/hard\libgcc.a(_dvmd_tls.o)
 .ARM.attributes
                0x00000497       0x22 C:/ST/STM32CubeIDE_2.1.1/STM32CubeIDE/plugins/com.st.stm32cube.ide.mcu.externaltools.gnu-tools-for-stm32.14.3.rel1.win32_1.0.100.202602081740/tools/bin/../lib/gcc/arm-none-eabi/14.3.1/thumb/v7e-m+fp/hard/crtn.o
OUTPUT(App_4_2_Grupo_6_2026.elf elf32-littlearm)
LOAD linker stubs
LOAD C:/ST/STM32CubeIDE_2.1.1/STM32CubeIDE/plugins/com.st.stm32cube.ide.mcu.externaltools.gnu-tools-for-stm32.14.3.rel1.win32_1.0.100.202602081740/tools/bin/../lib/gcc/arm-none-eabi/14.3.1/../../../../arm-none-eabi/lib/thumb/v7e-m+fp/hard\libc.a
LOAD C:/ST/STM32CubeIDE_2.1.1/STM32CubeIDE/plugins/com.st.stm32cube.ide.mcu.externaltools.gnu-tools-for-stm32.14.3.rel1.win32_1.0.100.202602081740/tools/bin/../lib/gcc/arm-none-eabi/14.3.1/../../../../arm-none-eabi/lib/thumb/v7e-m+fp/hard\libm.a
LOAD C:/ST/STM32CubeIDE_2.1.1/STM32CubeIDE/plugins/com.st.stm32cube.ide.mcu.externaltools.gnu-tools-for-stm32.14.3.rel1.win32_1.0.100.202602081740/tools/bin/../lib/gcc/arm-none-eabi/14.3.1/thumb/v7e-m+fp/hard\libgcc.a

.debug_info     0x00000000     0x88d3
 .debug_info    0x00000000      0xebb ./Core/Src/main.o
 .debug_info    0x00000ebb      0x901 ./Core/Src/stm32f4xx_hal_msp.o
 .debug_info    0x000017bc      0x112 ./Core/Src/stm32f4xx_it.o
 .debug_info    0x000018ce      0x52e ./Core/Src/system_stm32f4xx.o
 .debug_info    0x00001dfc       0x30 ./Core/Startup/startup_stm32f439zitx.o
 .debug_info    0x00001e2c      0x332 ./Drivers/Custom_Drivers/Src/driver_boton.o
 .debug_info    0x0000215e      0x29c ./Drivers/Custom_Drivers/Src/driver_boton_pal.o
 .debug_info    0x000023fa      0x291 ./Drivers/Custom_Drivers/Src/driver_led.o
 .debug_info    0x0000268b      0x2ad ./Drivers/Custom_Drivers/Src/driver_led_pal.o
 .debug_info    0x00002938      0x192 ./Drivers/Custom_Drivers/Src/nb_delay.o
 .debug_info    0x00002aca       0xbe ./Drivers/Custom_Drivers/Src/pal_tick_stm32.o
 .debug_info    0x00002b88      0x9c0 ./Drivers/STM32F4xx_HAL_Driver/Src/stm32f4xx_hal.o
 .debug_info    0x00003548      0xdc8 ./Drivers/STM32F4xx_HAL_Driver/Src/stm32f4xx_hal_cortex.o
 .debug_info    0x00004310      0x6db ./Drivers/STM32F4xx_HAL_Driver/Src/stm32f4xx_hal_gpio.o
 .debug_info    0x000049eb      0x6be ./Drivers/STM32F4xx_HAL_Driver/Src/stm32f4xx_hal_pwr_ex.o
 .debug_info    0x000050a9      0x8db ./Drivers/STM32F4xx_HAL_Driver/Src/stm32f4xx_hal_rcc.o
 .debug_info    0x00005984     0x2f4f ./Drivers/STM32F4xx_HAL_Driver/Src/stm32f4xx_hal_uart.o

.debug_abbrev   0x00000000     0x1bb4
 .debug_abbrev  0x00000000      0x285 ./Core/Src/main.o
 .debug_abbrev  0x00000285      0x1ad ./Core/Src/stm32f4xx_hal_msp.o
 .debug_abbrev  0x00000432       0x73 ./Core/Src/stm32f4xx_it.o
 .debug_abbrev  0x000004a5      0x11a ./Core/Src/system_stm32f4xx.o
 .debug_abbrev  0x000005bf       0x24 ./Core/Startup/startup_stm32f439zitx.o
 .debug_abbrev  0x000005e3      0x1a7 ./Drivers/Custom_Drivers/Src/driver_boton.o
 .debug_abbrev  0x0000078a      0x171 ./Drivers/Custom_Drivers/Src/driver_boton_pal.o
 .debug_abbrev  0x000008fb      0x158 ./Drivers/Custom_Drivers/Src/driver_led.o
 .debug_abbrev  0x00000a53      0x16e ./Drivers/Custom_Drivers/Src/driver_led_pal.o
 .debug_abbrev  0x00000bc1       0xef ./Drivers/Custom_Drivers/Src/nb_delay.o
 .debug_abbrev  0x00000cb0       0x6b ./Drivers/Custom_Drivers/Src/pal_tick_stm32.o
 .debug_abbrev  0x00000d1b      0x214 ./Drivers/STM32F4xx_HAL_Driver/Src/stm32f4xx_hal.o
 .debug_abbrev  0x00000f2f      0x31d ./Drivers/STM32F4xx_HAL_Driver/Src/stm32f4xx_hal_cortex.o
 .debug_abbrev  0x0000124c      0x1d4 ./Drivers/STM32F4xx_HAL_Driver/Src/stm32f4xx_hal_gpio.o
 .debug_abbrev  0x00001420      0x1cf ./Drivers/STM32F4xx_HAL_Driver/Src/stm32f4xx_hal_pwr_ex.o
 .debug_abbrev  0x000015ef      0x2b7 ./Drivers/STM32F4xx_HAL_Driver/Src/stm32f4xx_hal_rcc.o
 .debug_abbrev  0x000018a6      0x30e ./Drivers/STM32F4xx_HAL_Driver/Src/stm32f4xx_hal_uart.o

.debug_aranges  0x00000000      0x7b0
 .debug_aranges
                0x00000000       0x40 ./Core/Src/main.o
 .debug_aranges
                0x00000040       0x30 ./Core/Src/stm32f4xx_hal_msp.o
 .debug_aranges
                0x00000070       0x60 ./Core/Src/stm32f4xx_it.o
 .debug_aranges
                0x000000d0       0x28 ./Core/Src/system_stm32f4xx.o
 .debug_aranges
                0x000000f8       0x28 ./Core/Startup/startup_stm32f439zitx.o
 .debug_aranges
                0x00000120       0x38 ./Drivers/Custom_Drivers/Src/driver_boton.o
 .debug_aranges
                0x00000158       0x28 ./Drivers/Custom_Drivers/Src/driver_boton_pal.o
 .debug_aranges
                0x00000180       0x38 ./Drivers/Custom_Drivers/Src/driver_led.o
 .debug_aranges
                0x000001b8       0x30 ./Drivers/Custom_Drivers/Src/driver_led_pal.o
 .debug_aranges
                0x000001e8       0x30 ./Drivers/Custom_Drivers/Src/nb_delay.o
 .debug_aranges
                0x00000218       0x20 ./Drivers/Custom_Drivers/Src/pal_tick_stm32.o
 .debug_aranges
                0x00000238      0x100 ./Drivers/STM32F4xx_HAL_Driver/Src/stm32f4xx_hal.o
 .debug_aranges
                0x00000338      0x130 ./Drivers/STM32F4xx_HAL_Driver/Src/stm32f4xx_hal_cortex.o
 .debug_aranges
                0x00000468       0x58 ./Drivers/STM32F4xx_HAL_Driver/Src/stm32f4xx_hal_gpio.o
 .debug_aranges
                0x000004c0       0x60 ./Drivers/STM32F4xx_HAL_Driver/Src/stm32f4xx_hal_pwr_ex.o
 .debug_aranges
                0x00000520       0x88 ./Drivers/STM32F4xx_HAL_Driver/Src/stm32f4xx_hal_rcc.o
 .debug_aranges
                0x000005a8      0x208 ./Drivers/STM32F4xx_HAL_Driver/Src/stm32f4xx_hal_uart.o

.debug_rnglists
                0x00000000      0x5bb
 .debug_rnglists
                0x00000000       0x2e ./Core/Src/main.o
 .debug_rnglists
                0x0000002e       0x20 ./Core/Src/stm32f4xx_hal_msp.o
 .debug_rnglists
                0x0000004e       0x43 ./Core/Src/stm32f4xx_it.o
 .debug_rnglists
                0x00000091       0x1a ./Core/Src/system_stm32f4xx.o
 .debug_rnglists
                0x000000ab       0x19 ./Core/Startup/startup_stm32f439zitx.o
 .debug_rnglists
                0x000000c4       0x25 ./Drivers/Custom_Drivers/Src/driver_boton.o
 .debug_rnglists
                0x000000e9       0x19 ./Drivers/Custom_Drivers/Src/driver_boton_pal.o
 .debug_rnglists
                0x00000102       0x25 ./Drivers/Custom_Drivers/Src/driver_led.o
 .debug_rnglists
                0x00000127       0x1f ./Drivers/Custom_Drivers/Src/driver_led_pal.o
 .debug_rnglists
                0x00000146       0x1f ./Drivers/Custom_Drivers/Src/nb_delay.o
 .debug_rnglists
                0x00000165       0x13 ./Drivers/Custom_Drivers/Src/pal_tick_stm32.o
 .debug_rnglists
                0x00000178       0xbb ./Drivers/STM32F4xx_HAL_Driver/Src/stm32f4xx_hal.o
 .debug_rnglists
                0x00000233       0xe0 ./Drivers/STM32F4xx_HAL_Driver/Src/stm32f4xx_hal_cortex.o
 .debug_rnglists
                0x00000313       0x3f ./Drivers/STM32F4xx_HAL_Driver/Src/stm32f4xx_hal_gpio.o
 .debug_rnglists
                0x00000352       0x47 ./Drivers/STM32F4xx_HAL_Driver/Src/stm32f4xx_hal_pwr_ex.o
 .debug_rnglists
                0x00000399       0x66 ./Drivers/STM32F4xx_HAL_Driver/Src/stm32f4xx_hal_rcc.o
 .debug_rnglists
                0x000003ff      0x1bc ./Drivers/STM32F4xx_HAL_Driver/Src/stm32f4xx_hal_uart.o

.debug_macro    0x00000000    0x22dd5
 .debug_macro   0x00000000      0x21c ./Core/Src/main.o
 .debug_macro   0x0000021c      0xad8 ./Core/Src/main.o
 .debug_macro   0x00000cf4      0x295 ./Core/Src/main.o
 .debug_macro   0x00000f89       0x2e ./Core/Src/main.o
 .debug_macro   0x00000fb7       0x28 ./Core/Src/main.o
 .debug_macro   0x00000fdf       0x22 ./Core/Src/main.o
 .debug_macro   0x00001001       0x8e ./Core/Src/main.o
 .debug_macro   0x0000108f       0x51 ./Core/Src/main.o
 .debug_macro   0x000010e0      0x103 ./Core/Src/main.o
 .debug_macro   0x000011e3       0x6a ./Core/Src/main.o
 .debug_macro   0x0000124d      0x1df ./Core/Src/main.o
 .debug_macro   0x0000142c       0x1c ./Core/Src/main.o
 .debug_macro   0x00001448       0x22 ./Core/Src/main.o
 .debug_macro   0x0000146a       0xfb ./Core/Src/main.o
 .debug_macro   0x00001565     0x1011 ./Core/Src/main.o
 .debug_macro   0x00002576      0x11f ./Core/Src/main.o
 .debug_macro   0x00002695    0x1863b ./Core/Src/main.o
 .debug_macro   0x0001acd0       0x6d ./Core/Src/main.o
 .debug_macro   0x0001ad3d     0x370a ./Core/Src/main.o
 .debug_macro   0x0001e447      0x190 ./Core/Src/main.o
 .debug_macro   0x0001e5d7       0x5c ./Core/Src/main.o
 .debug_macro   0x0001e633      0xd2a ./Core/Src/main.o
 .debug_macro   0x0001f35d      0x9e9 ./Core/Src/main.o
 .debug_macro   0x0001fd46      0x115 ./Core/Src/main.o
 .debug_macro   0x0001fe5b      0x156 ./Core/Src/main.o
 .debug_macro   0x0001ffb1       0xa5 ./Core/Src/main.o
 .debug_macro   0x00020056      0x182 ./Core/Src/main.o
 .debug_macro   0x000201d8      0x287 ./Core/Src/main.o
 .debug_macro   0x0002045f       0x5f ./Core/Src/main.o
 .debug_macro   0x000204be      0x236 ./Core/Src/main.o
 .debug_macro   0x000206f4      0x132 ./Core/Src/main.o
 .debug_macro   0x00020826      0x41d ./Core/Src/main.o
 .debug_macro   0x00020c43       0x2e ./Core/Src/main.o
 .debug_macro   0x00020c71      0x127 ./Core/Src/main.o
 .debug_macro   0x00020d98       0xe2 ./Core/Src/main.o
 .debug_macro   0x00020e7a       0x89 ./Core/Src/main.o
 .debug_macro   0x00020f03      0x2aa ./Core/Src/main.o
 .debug_macro   0x000211ad      0x134 ./Core/Src/main.o
 .debug_macro   0x000212e1       0x88 ./Core/Src/main.o
 .debug_macro   0x00021369       0x22 ./Core/Src/main.o
 .debug_macro   0x0002138b      0x1c9 ./Core/Src/stm32f4xx_hal_msp.o
 .debug_macro   0x00021554      0x1d3 ./Core/Src/stm32f4xx_it.o
 .debug_macro   0x00021727      0x1ba ./Core/Src/system_stm32f4xx.o
 .debug_macro   0x000218e1      0x1f4 ./Drivers/Custom_Drivers/Src/driver_boton.o
 .debug_macro   0x00021ad5      0x1ea ./Drivers/Custom_Drivers/Src/driver_boton_pal.o
 .debug_macro   0x00021cbf      0x1ea ./Drivers/Custom_Drivers/Src/driver_led.o
 .debug_macro   0x00021ea9      0x1e0 ./Drivers/Custom_Drivers/Src/driver_led_pal.o
 .debug_macro   0x00022089       0x89 ./Drivers/Custom_Drivers/Src/nb_delay.o
 .debug_macro   0x00022112      0x1c4 ./Drivers/Custom_Drivers/Src/pal_tick_stm32.o
 .debug_macro   0x000222d6      0x21a ./Drivers/STM32F4xx_HAL_Driver/Src/stm32f4xx_hal.o
 .debug_macro   0x000224f0      0x1ba ./Drivers/STM32F4xx_HAL_Driver/Src/stm32f4xx_hal_cortex.o
 .debug_macro   0x000226aa      0x1c0 ./Drivers/STM32F4xx_HAL_Driver/Src/stm32f4xx_hal_gpio.o
 .debug_macro   0x0002286a      0x1d2 ./Drivers/STM32F4xx_HAL_Driver/Src/stm32f4xx_hal_pwr_ex.o
 .debug_macro   0x00022a3c      0x1de ./Drivers/STM32F4xx_HAL_Driver/Src/stm32f4xx_hal_rcc.o
 .debug_macro   0x00022c1a      0x1bb ./Drivers/STM32F4xx_HAL_Driver/Src/stm32f4xx_hal_uart.o

.debug_line     0x00000000     0xaf90
 .debug_line    0x00000000      0x9c3 ./Core/Src/main.o
 .debug_line    0x000009c3      0x766 ./Core/Src/stm32f4xx_hal_msp.o
 .debug_line    0x00001129      0x7c8 ./Core/Src/stm32f4xx_it.o
 .debug_line    0x000018f1      0x78f ./Core/Src/system_stm32f4xx.o
 .debug_line    0x00002080       0x7a ./Core/Startup/startup_stm32f439zitx.o
 .debug_line    0x000020fa      0x8c6 ./Drivers/Custom_Drivers/Src/driver_boton.o
 .debug_line    0x000029c0      0x843 ./Drivers/Custom_Drivers/Src/driver_boton_pal.o
 .debug_line    0x00003203      0x846 ./Drivers/Custom_Drivers/Src/driver_led.o
 .debug_line    0x00003a49      0x861 ./Drivers/Custom_Drivers/Src/driver_led_pal.o
 .debug_line    0x000042aa      0x596 ./Drivers/Custom_Drivers/Src/nb_delay.o
 .debug_line    0x00004840      0x7c4 ./Drivers/Custom_Drivers/Src/pal_tick_stm32.o
 .debug_line    0x00005004      0xa44 ./Drivers/STM32F4xx_HAL_Driver/Src/stm32f4xx_hal.o
 .debug_line    0x00005a48      0xcdb ./Drivers/STM32F4xx_HAL_Driver/Src/stm32f4xx_hal_cortex.o
 .debug_line    0x00006723      0xb88 ./Drivers/STM32F4xx_HAL_Driver/Src/stm32f4xx_hal_gpio.o
 .debug_line    0x000072ab      0x978 ./Drivers/STM32F4xx_HAL_Driver/Src/stm32f4xx_hal_pwr_ex.o
 .debug_line    0x00007c23      0xe1a ./Drivers/STM32F4xx_HAL_Driver/Src/stm32f4xx_hal_rcc.o
 .debug_line    0x00008a3d     0x2553 ./Drivers/STM32F4xx_HAL_Driver/Src/stm32f4xx_hal_uart.o

.debug_str      0x00000000    0xd0a2d
 .debug_str     0x00000000    0xd0a2d ./Core/Src/main.o
                              0xced7f (size before relaxing)
 .debug_str     0x000d0a2d    0xce916 ./Core/Src/stm32f4xx_hal_msp.o
 .debug_str     0x000d0a2d    0xce36a ./Core/Src/stm32f4xx_it.o
 .debug_str     0x000d0a2d    0xce2a8 ./Core/Src/system_stm32f4xx.o
 .debug_str     0x000d0a2d       0xc2 ./Core/Startup/startup_stm32f439zitx.o
 .debug_str     0x000d0a2d    0xce502 ./Drivers/Custom_Drivers/Src/driver_boton.o
 .debug_str     0x000d0a2d    0xce4b7 ./Drivers/Custom_Drivers/Src/driver_boton_pal.o
 .debug_str     0x000d0a2d    0xce44b ./Drivers/Custom_Drivers/Src/driver_led.o
 .debug_str     0x000d0a2d    0xce47f ./Drivers/Custom_Drivers/Src/driver_led_pal.o
 .debug_str     0x000d0a2d     0x4246 ./Drivers/Custom_Drivers/Src/nb_delay.o
 .debug_str     0x000d0a2d    0xce112 ./Drivers/Custom_Drivers/Src/pal_tick_stm32.o
 .debug_str     0x000d0a2d    0xceed5 ./Drivers/STM32F4xx_HAL_Driver/Src/stm32f4xx_hal.o
 .debug_str     0x000d0a2d    0xcec03 ./Drivers/STM32F4xx_HAL_Driver/Src/stm32f4xx_hal_cortex.o
 .debug_str     0x000d0a2d    0xce423 ./Drivers/STM32F4xx_HAL_Driver/Src/stm32f4xx_hal_gpio.o
 .debug_str     0x000d0a2d    0xce480 ./Drivers/STM32F4xx_HAL_Driver/Src/stm32f4xx_hal_pwr_ex.o
 .debug_str     0x000d0a2d    0xce6dc ./Drivers/STM32F4xx_HAL_Driver/Src/stm32f4xx_hal_rcc.o
 .debug_str     0x000d0a2d    0xcecaa ./Drivers/STM32F4xx_HAL_Driver/Src/stm32f4xx_hal_uart.o

.comment        0x00000000       0x43
 .comment       0x00000000       0x43 ./Core/Src/main.o
                                 0x44 (size before relaxing)
 .comment       0x00000043       0x44 ./Core/Src/stm32f4xx_hal_msp.o
 .comment       0x00000043       0x44 ./Core/Src/stm32f4xx_it.o
 .comment       0x00000043       0x44 ./Core/Src/system_stm32f4xx.o
 .comment       0x00000043       0x44 ./Drivers/Custom_Drivers/Src/driver_boton.o
 .comment       0x00000043       0x44 ./Drivers/Custom_Drivers/Src/driver_boton_pal.o
 .comment       0x00000043       0x44 ./Drivers/Custom_Drivers/Src/driver_led.o
 .comment       0x00000043       0x44 ./Drivers/Custom_Drivers/Src/driver_led_pal.o
 .comment       0x00000043       0x44 ./Drivers/Custom_Drivers/Src/nb_delay.o
 .comment       0x00000043       0x44 ./Drivers/Custom_Drivers/Src/pal_tick_stm32.o
 .comment       0x00000043       0x44 ./Drivers/STM32F4xx_HAL_Driver/Src/stm32f4xx_hal.o
 .comment       0x00000043       0x44 ./Drivers/STM32F4xx_HAL_Driver/Src/stm32f4xx_hal_cortex.o
 .comment       0x00000043       0x44 ./Drivers/STM32F4xx_HAL_Driver/Src/stm32f4xx_hal_gpio.o
 .comment       0x00000043       0x44 ./Drivers/STM32F4xx_HAL_Driver/Src/stm32f4xx_hal_pwr_ex.o
 .comment       0x00000043       0x44 ./Drivers/STM32F4xx_HAL_Driver/Src/stm32f4xx_hal_rcc.o
 .comment       0x00000043       0x44 ./Drivers/STM32F4xx_HAL_Driver/Src/stm32f4xx_hal_uart.o

.debug_frame    0x00000000     0x1b0c
 .debug_frame   0x00000000       0xac ./Core/Src/main.o
 .debug_frame   0x000000ac       0x7c ./Core/Src/stm32f4xx_hal_msp.o
 .debug_frame   0x00000128       0xf8 ./Core/Src/stm32f4xx_it.o
 .debug_frame   0x00000220       0x50 ./Core/Src/system_stm32f4xx.o
 .debug_frame   0x00000270       0xa0 ./Drivers/Custom_Drivers/Src/driver_boton.o
 .debug_frame   0x00000310       0x58 ./Drivers/Custom_Drivers/Src/driver_boton_pal.o
 .debug_frame   0x00000368       0x98 ./Drivers/Custom_Drivers/Src/driver_led.o
 .debug_frame   0x00000400       0x7c ./Drivers/Custom_Drivers/Src/driver_led_pal.o
 .debug_frame   0x0000047c       0x7c ./Drivers/Custom_Drivers/Src/nb_delay.o
 .debug_frame   0x000004f8       0x2c ./Drivers/Custom_Drivers/Src/pal_tick_stm32.o
 .debug_frame   0x00000524      0x354 ./Drivers/STM32F4xx_HAL_Driver/Src/stm32f4xx_hal.o
 .debug_frame   0x00000878      0x4b8 ./Drivers/STM32F4xx_HAL_Driver/Src/stm32f4xx_hal_cortex.o
 .debug_frame   0x00000d30      0x130 ./Drivers/STM32F4xx_HAL_Driver/Src/stm32f4xx_hal_gpio.o
 .debug_frame   0x00000e60      0x13c ./Drivers/STM32F4xx_HAL_Driver/Src/stm32f4xx_hal_pwr_ex.o
 .debug_frame   0x00000f9c      0x1d8 ./Drivers/STM32F4xx_HAL_Driver/Src/stm32f4xx_hal_rcc.o
 .debug_frame   0x00001174      0x8ec ./Drivers/STM32F4xx_HAL_Driver/Src/stm32f4xx_hal_uart.o
 .debug_frame   0x00001a60       0x20 C:/ST/STM32CubeIDE_2.1.1/STM32CubeIDE/plugins/com.st.stm32cube.ide.mcu.externaltools.gnu-tools-for-stm32.14.3.rel1.win32_1.0.100.202602081740/tools/bin/../lib/gcc/arm-none-eabi/14.3.1/../../../../arm-none-eabi/lib/thumb/v7e-m+fp/hard\libc_nano.a(libc_a-memset.o)
 .debug_frame   0x00001a80       0x2c C:/ST/STM32CubeIDE_2.1.1/STM32CubeIDE/plugins/com.st.stm32cube.ide.mcu.externaltools.gnu-tools-for-stm32.14.3.rel1.win32_1.0.100.202602081740/tools/bin/../lib/gcc/arm-none-eabi/14.3.1/../../../../arm-none-eabi/lib/thumb/v7e-m+fp/hard\libc_nano.a(libc_a-init.o)
 .debug_frame   0x00001aac       0x2c C:/ST/STM32CubeIDE_2.1.1/STM32CubeIDE/plugins/com.st.stm32cube.ide.mcu.externaltools.gnu-tools-for-stm32.14.3.rel1.win32_1.0.100.202602081740/tools/bin/../lib/gcc/arm-none-eabi/14.3.1/thumb/v7e-m+fp/hard\libgcc.a(_aeabi_uldivmod.o)
 .debug_frame   0x00001ad8       0x34 C:/ST/STM32CubeIDE_2.1.1/STM32CubeIDE/plugins/com.st.stm32cube.ide.mcu.externaltools.gnu-tools-for-stm32.14.3.rel1.win32_1.0.100.202602081740/tools/bin/../lib/gcc/arm-none-eabi/14.3.1/thumb/v7e-m+fp/hard\libgcc.a(_udivmoddi4.o)

.debug_line_str
                0x00000000       0xa6
 .debug_line_str
                0x00000000       0xa6 ./Core/Startup/startup_stm32f439zitx.o
